#-----------------------------------------------------------
# Vivado v2019.1 (64-bit)
# SW Build 2552052 on Fri May 24 14:49:42 MDT 2019
# IP Build 2548770 on Fri May 24 18:01:18 MDT 2019
# Start of session at: Tue Jun 24 19:57:16 2025
# Process ID: 8176
# Current directory: C:/work/teamp1
# Command line: vivado.exe -gui_launcher_event rodinguilauncherevent14180 C:\work\teamp1\teamp1.xpr
# Log file: C:/work/teamp1/vivado.log
# Journal file: C:/work/teamp1\vivado.jou
#-----------------------------------------------------------
start_gui
open_project C:/work/teamp1/teamp1.xpr
Scanning sources...
Finished scanning sources
INFO: [IP_Flow 19-234] Refreshing IP repositories
INFO: [IP_Flow 19-1700] Loaded user IP repository 'c:/work/ip_repo/seven_seg_1.0'.
INFO: [IP_Flow 19-1700] Loaded user IP repository 'c:/work/ip_repo/textlcd_1.0'.
INFO: [IP_Flow 19-1700] Loaded user IP repository 'c:/work/ip_repo/tftlcd_1.0'.
INFO: [IP_Flow 19-2313] Loaded Vivado IP repository 'C:/Xilinx/Vivado/2019.1/data/ip'.
open_project: Time (s): cpu = 00:00:41 ; elapsed = 00:00:20 . Memory (MB): peak = 737.066 ; gain = 126.113
update_compile_order -fileset sources_1
launch_sdk -workspace C:/work/teamp1/teamp1.sdk -hwspec C:/work/teamp1/teamp1.sdk/system_wrapper.hdf
INFO: [Vivado 12-393] Launching SDK...
INFO: [Vivado 12-417] Running xsdk -workspace C:/work/teamp1/teamp1.sdk -hwspec C:/work/teamp1/teamp1.sdk/system_wrapper.hdf
INFO: [Vivado 12-3157] SDK launch initiated. Please check console for any further messages.
exit
INFO: [Common 17-206] Exiting Vivado at Tue Jun 24 20:01:49 2025...
