#-----------------------------------------------------------
# Vivado v2019.1 (64-bit)
# SW Build 2552052 on Fri May 24 14:49:42 MDT 2019
# IP Build 2548770 on Fri May 24 18:01:18 MDT 2019
# Start of session at: Thu Jun 19 17:30:14 2025
# Process ID: 3368
# Current directory: C:/work/ip_repo
# Command line: vivado.exe -gui_launcher_event rodinguilauncherevent3468 C:\work\ip_repo\edit_rgblcd_v1_0.xpr
# Log file: C:/work/ip_repo/vivado.log
# Journal file: C:/work/ip_repo\vivado.jou
#-----------------------------------------------------------
start_gui
open_project C:/work/ip_repo/edit_rgblcd_v1_0.xpr
WARNING: [filemgmt 56-99] Vivado Synthesis ignores library specification for Verilog or SystemVerilog files. [C:/work/ip_repo/rgblcd_1.0/hdl/rgblcd_v1_0_S00_AXI.v:]
WARNING: [filemgmt 56-99] Vivado Synthesis ignores library specification for Verilog or SystemVerilog files. [C:/work/ip_repo/rgblcd_1.0/hdl/rgblcd_v1_0.v:]
Scanning sources...
Finished scanning sources
INFO: [IP_Flow 19-234] Refreshing IP repositories
WARNING: [IP_Flow 19-3685] Ignored loading user repository 'c:/work/ip_repo/rgblcd_1.0'. The path is contained within another repository.
WARNING: [IP_Flow 19-2207] Repository 'c:/work/ip_repo/rgblcd_1.0' already exists; ignoring attempt to add it again.
WARNING: [IP_Flow 19-3685] Ignored loading user repository 'c:/work/ip_repo/rgblcd_1.0'. The path is contained within another repository.
INFO: [IP_Flow 19-1700] Loaded user IP repository 'c:/work/ip_repo'.
INFO: [IP_Flow 19-2313] Loaded Vivado IP repository 'C:/Xilinx/Vivado/2019.1/data/ip'.
open_project: Time (s): cpu = 00:00:17 ; elapsed = 00:00:07 . Memory (MB): peak = 707.395 ; gain = 108.617
update_compile_order -fileset sources_1
ipx::open_ipxact_file C:/work/ip_repo/rgblcd_1.0/component.xml
WARNING: [IP_Flow 19-5226] Project source file 'c:/work/ip_repo/rgblcd_1.0/component.xml' ignored by IP packager.
WARNING: [IP_Flow 19-3898] File Group 'xilinx_verilogsynthesis (Verilog Synthesis)': File 'c:/work/ip_repo/rgblcd_1.0/src/blk_mem/blk_mem.xci' is not found in the project sources. It will be removed from the packaged IP when the sources are merged. If still required, please add this file to the project and re-package.
WARNING: [IP_Flow 19-3898] File Group 'xilinx_verilogsynthesis (Verilog Synthesis)': File 'c:/work/ip_repo/rgblcd_1.0/src/TFTLCDCtrl.v' is not found in the project sources. It will be removed from the packaged IP when the sources are merged. If still required, please add this file to the project and re-package.
WARNING: [IP_Flow 19-3898] File Group 'xilinx_verilogsynthesis (Verilog Synthesis)': File 'c:/work/ip_repo/rgblcd_1.0/src/g2m.v' is not found in the project sources. It will be removed from the packaged IP when the sources are merged. If still required, please add this file to the project and re-package.
WARNING: [IP_Flow 19-3898] File Group 'xilinx_verilogsynthesis (Verilog Synthesis)': File 'c:/work/ip_repo/rgblcd_1.0/src/horizontal.v' is not found in the project sources. It will be removed from the packaged IP when the sources are merged. If still required, please add this file to the project and re-package.
WARNING: [IP_Flow 19-3898] File Group 'xilinx_verilogsynthesis (Verilog Synthesis)': File 'c:/work/ip_repo/rgblcd_1.0/src/rgb.v' is not found in the project sources. It will be removed from the packaged IP when the sources are merged. If still required, please add this file to the project and re-package.
WARNING: [IP_Flow 19-3898] File Group 'xilinx_verilogsynthesis (Verilog Synthesis)': File 'c:/work/ip_repo/rgblcd_1.0/hdl/rgblcd_v1_0_S00_AXI.v' is not found in the project sources. It will be removed from the packaged IP when the sources are merged. If still required, please add this file to the project and re-package.
WARNING: [IP_Flow 19-3898] File Group 'xilinx_verilogsynthesis (Verilog Synthesis)': File 'c:/work/ip_repo/rgblcd_1.0/src/vertical.v' is not found in the project sources. It will be removed from the packaged IP when the sources are merged. If still required, please add this file to the project and re-package.
WARNING: [IP_Flow 19-3898] File Group 'xilinx_verilogsynthesis (Verilog Synthesis)': File 'c:/work/ip_repo/rgblcd_1.0/hdl/rgblcd_v1_0.v' is not found in the project sources. It will be removed from the packaged IP when the sources are merged. If still required, please add this file to the project and re-package.
WARNING: [IP_Flow 19-3898] File Group 'xilinx_verilogbehavioralsimulation (Verilog Simulation)': File 'c:/work/ip_repo/rgblcd_1.0/src/blk_mem/blk_mem.xci' is not found in the project sources. It will be removed from the packaged IP when the sources are merged. If still required, please add this file to the project and re-package.
WARNING: [IP_Flow 19-3898] File Group 'xilinx_verilogbehavioralsimulation (Verilog Simulation)': File 'c:/work/ip_repo/rgblcd_1.0/src/TFTLCDCtrl.v' is not found in the project sources. It will be removed from the packaged IP when the sources are merged. If still required, please add this file to the project and re-package.
WARNING: [IP_Flow 19-3898] File Group 'xilinx_verilogbehavioralsimulation (Verilog Simulation)': File 'c:/work/ip_repo/rgblcd_1.0/src/g2m.v' is not found in the project sources. It will be removed from the packaged IP when the sources are merged. If still required, please add this file to the project and re-package.
WARNING: [IP_Flow 19-3898] File Group 'xilinx_verilogbehavioralsimulation (Verilog Simulation)': File 'c:/work/ip_repo/rgblcd_1.0/src/horizontal.v' is not found in the project sources. It will be removed from the packaged IP when the sources are merged. If still required, please add this file to the project and re-package.
WARNING: [IP_Flow 19-3898] File Group 'xilinx_verilogbehavioralsimulation (Verilog Simulation)': File 'c:/work/ip_repo/rgblcd_1.0/src/rgb.v' is not found in the project sources. It will be removed from the packaged IP when the sources are merged. If still required, please add this file to the project and re-package.
WARNING: [IP_Flow 19-3898] File Group 'xilinx_verilogbehavioralsimulation (Verilog Simulation)': File 'c:/work/ip_repo/rgblcd_1.0/hdl/rgblcd_v1_0_S00_AXI.v' is not found in the project sources. It will be removed from the packaged IP when the sources are merged. If still required, please add this file to the project and re-package.
WARNING: [IP_Flow 19-3898] File Group 'xilinx_verilogbehavioralsimulation (Verilog Simulation)': File 'c:/work/ip_repo/rgblcd_1.0/src/vertical.v' is not found in the project sources. It will be removed from the packaged IP when the sources are merged. If still required, please add this file to the project and re-package.
WARNING: [IP_Flow 19-3898] File Group 'xilinx_verilogbehavioralsimulation (Verilog Simulation)': File 'c:/work/ip_repo/rgblcd_1.0/hdl/rgblcd_v1_0.v' is not found in the project sources. It will be removed from the packaged IP when the sources are merged. If still required, please add this file to the project and re-package.
ipx::merge_project_changes hdl_parameters [ipx::current_core]
WARNING: [IP_Flow 19-5226] Project source file 'c:/work/ip_repo/rgblcd_1.0/component.xml' ignored by IP packager.
INFO: [IP_Flow 19-5107] Inferred bus interface 'spi_clk' of definition 'xilinx.com:signal:clock:1.0' (from Xilinx Repository).
INFO: [IP_Flow 19-3166] Bus Interface 'S00_AXI': References existing memory map 'S00_AXI'.
ipx::update_checksums [ipx::current_core]
ipx::save_core [ipx::current_core]
set_property core_revision 4 [ipx::current_core]
ipx::create_xgui_files [ipx::current_core]
ipx::update_checksums [ipx::current_core]
ipx::save_core [ipx::current_core]
update_ip_catalog -rebuild -repo_path c:/work/ip_repo/rgblcd_1.0
CRITICAL WARNING: [IP_Flow 19-1681] Failed to reload user IP repository 'c:/work/ip_repo/rgblcd_1.0'. ''c:/work/ip_repo/rgblcd_1.0' is not valid: Path is contained within another repository.'
0
import_files -norecurse C:/work/ip_repo/rgblcd_1.0/src/mcp3008_controller.v
update_compile_order -fileset sources_1
ipx::merge_project_changes files [ipx::current_core]
WARNING: [IP_Flow 19-5226] Project source file 'c:/work/ip_repo/rgblcd_1.0/component.xml' ignored by IP packager.
ipx::merge_project_changes hdl_parameters [ipx::current_core]
WARNING: [IP_Flow 19-5226] Project source file 'c:/work/ip_repo/rgblcd_1.0/component.xml' ignored by IP packager.
INFO: [IP_Flow 19-3166] Bus Interface 'S00_AXI': References existing memory map 'S00_AXI'.
set_property core_revision 5 [ipx::current_core]
ipx::create_xgui_files [ipx::current_core]
ipx::update_checksums [ipx::current_core]
ipx::save_core [ipx::current_core]
update_ip_catalog -rebuild -repo_path c:/work/ip_repo/rgblcd_1.0
CRITICAL WARNING: [IP_Flow 19-1681] Failed to reload user IP repository 'c:/work/ip_repo/rgblcd_1.0'. ''c:/work/ip_repo/rgblcd_1.0' is not valid: Path is contained within another repository.'
0
set_property core_revision 6 [ipx::current_core]
ipx::create_xgui_files [ipx::current_core]
ipx::update_checksums [ipx::current_core]
ipx::save_core [ipx::current_core]
update_ip_catalog -rebuild -repo_path c:/work/ip_repo/rgblcd_1.0
CRITICAL WARNING: [IP_Flow 19-1681] Failed to reload user IP repository 'c:/work/ip_repo/rgblcd_1.0'. ''c:/work/ip_repo/rgblcd_1.0' is not valid: Path is contained within another repository.'
0
exit
INFO: [Common 17-206] Exiting Vivado at Thu Jun 19 17:40:45 2025...
